
ðŸ’° Infracost estimate: **monthly cost will decrease by -$40.56 (-50%) ðŸ“‰
<table>
  <thead>
    <td>Project</td>
    <td>Previous</td>
    <td>New</td>
    <td>Diff</td>
  </thead>
  <tbody>
  </tbody>
</table> 
The following projects have no cost estimate changes: infracost/infracost/cmd/infracost/testdata/terraform_v0.14_plan.json


<details>
<summary><strong>Infracost output</strong></summary>

```


â”€â”€â”€â”€â”€â”€â”€â”€â”€â”€â”€â”€â”€â”€â”€â”€â”€â”€â”€â”€â”€â”€â”€â”€â”€â”€â”€â”€â”€â”€â”€â”€â”€â”€

The following projects have no cost estimate changes: infracost/infracost/cmd/infracost/testdata/terraform_v0.14_plan.json
Run infracost breakdown to see their full breakdown.

â”€â”€â”€â”€â”€â”€â”€â”€â”€â”€â”€â”€â”€â”€â”€â”€â”€â”€â”€â”€â”€â”€â”€â”€â”€â”€â”€â”€â”€â”€â”€â”€â”€â”€

```
</details>

