
Err:

Error: An unexpected error occurred

runtime error: REPLACED ERROR
Environment:
Infracost vREPLACED_VERSION

We have been notified of this issue and will look into is ASAP. Please copy the above output and create a new issue at: https://github.com/infracost/infracost/issues/new
