
Err:

Environment:
Infracost vREPLACED_VERSION

An unexpected error occurred. We have been notified of this issue and will look into is ASAP. If you would like to follow-up, you can create a GitHub issue at https://github.com/infracost/infracost/issues/new
